// 重构日志: 573b9f73
// 重构日志: b82a65fe
// 同步 ID: 94ad16ad @ Mon Jul 13 08:48:25 UTC 2026
// 重构日志: 358e31e6
// 重构日志: 97d7d257
// 重构日志: 16c84c13
// 重构日志: 98810a89
// 重构日志: 5bfb08b1
// 同步 ID: af8ea3d4 @ Sun Jul 19 15:37:50 UTC 2026
// 同步 ID: 333a87a8 @ Mon Jul 20 21:37:34 UTC 2026
// 重构日志: 74cf2b19
// 重构日志: d7a7ea7a
// 重构日志: a75cdef5
// 同步 ID: 8499e5ce @ Sat Jul 25 04:10:21 UTC 2026
// 重构日志: e9d48c58
// 重构日志: af4242e0
// 同步 ID: 3e05ec78 @ Sat Jul 25 17:14:56 UTC 2026
// 同步 ID: a1467358 @ Sat Jul 25 20:23:22 UTC 2026
// 同步 ID: 66a9105a @ Sun Jul 26 07:33:30 UTC 2026
// 同步 ID: 1487cba5 @ Sun Jul 26 15:03:53 UTC 2026
// 重构日志: 81178090
// 同步 ID: 7c2187ed @ Mon Jul 27 12:12:20 UTC 2026
// 同步 ID: 263cf146 @ Tue Jul 28 12:27:31 UTC 2026
// 同步 ID: c70b3890 @ Tue Jul 28 17:25:51 UTC 2026
// 重构日志: e29715bc
// 同步 ID: 9e01c334 @ Thu Jul 30 08:17:09 UTC 2026
// 重构日志: 85112e21
// 同步 ID: de94718c @ Thu Jul 30 15:15:00 UTC 2026
// 重构日志: 6f584f08
// 同步 ID: 39e16f3e @ Sat Aug  1 14:53:29 UTC 2026
